gabriel.bbatista@PPM-JAMF-32830 chart % helm upgrade --install ms-edi-pix . -f values.qa.yaml --namespace ms-edi-pix
kubectl -n ms-edi-pix get rollouts,pods
Release "ms-edi-pix" does not exist. Installing it now.
Error: unable to build kubernetes objects from release manifest: [resource mapping not found for name: "edi-pix-default" namespace: "ms-edi-pix" from "": no matches for kind "ExternalSecret" in version "external-secrets.io/v1beta1"
ensure CRDs are installed first, resource mapping not found for name: "envs-secretstore-default" namespace: "ms-edi-pix" from "": no matches for kind "SecretStore" in version "external-secrets.io/v1beta1"
ensure CRDs are installed first]
No resources found in ms-edi-pix namespace.
gabriel.bbatista@PPM-JAMF-32830 chart % helm repo add external-secrets https://charts.external-secrets.io           
helm repo update
helm upgrade --install external-secrets external-secrets/external-secrets \
  -n external-secrets --create-namespace
"external-secrets" already exists with the same configuration, skipping
Hang tight while we grab the latest from your chart repositories...
...Successfully got an update from the "charts" chart repository
...Successfully got an update from the "external-secrets" chart repository
Update Complete. ⎈Happy Helming!⎈
I1013 16:37:43.385303   29837 warnings.go:110] "Warning: unknown field \"spec.versions[0].selectableFields\""
Release "external-secrets" has been upgraded. Happy Helming!
NAME: external-secrets
LAST DEPLOYED: Mon Oct 13 16:37:42 2025
NAMESPACE: external-secrets
STATUS: deployed
REVISION: 3
TEST SUITE: None
NOTES:
external-secrets has been deployed successfully in namespace external-secrets!

In order to begin using ExternalSecrets, you will need to set up a SecretStore
or ClusterSecretStore resource (for example, by creating a 'vault' SecretStore).

More information on the different types of SecretStores and how to configure them
can be found in our Github: https://github.com/external-secrets/external-secrets
gabriel.bbatista@PPM-JAMF-32830 chart % kubectl wait --for=condition=Established \
  crd/externalsecrets.external-secrets.io \
  crd/secretstores.external-secrets.io \
  crd/clustersecretstores.external-secrets.io \
  --timeout=90s
customresourcedefinition.apiextensions.k8s.io/externalsecrets.external-secrets.io condition met
customresourcedefinition.apiextensions.k8s.io/secretstores.external-secrets.io condition met
customresourcedefinition.apiextensions.k8s.io/clustersecretstores.external-secrets.io condition met
gabriel.bbatista@PPM-JAMF-32830 chart % kubectl -n ms-edi-pix create secret generic envs --from-literal=DUMMY=1 --dry-run=client -o yaml | kubectl apply -f -
kubectl -n ms-edi-pix create secret generic envs-secrets --from-literal=DUMMY=1 --dry-run=client -o yaml | kubectl apply -f -
secret/envs unchanged
secret/envs-secrets unchanged
gabriel.bbatista@PPM-JAMF-32830 chart % helm upgrade --install ms-edi-pix . -f values.qa.yaml --namespace ms-edi-pix

kubectl -n ms-edi-pix get rollouts,pods
Release "ms-edi-pix" does not exist. Installing it now.
Error: unable to build kubernetes objects from release manifest: [resource mapping not found for name: "edi-pix-default" namespace: "ms-edi-pix" from "": no matches for kind "ExternalSecret" in version "external-secrets.io/v1beta1"
ensure CRDs are installed first, resource mapping not found for name: "envs-secretstore-default" namespace: "ms-edi-pix" from "": no matches for kind "SecretStore" in version "external-secrets.io/v1beta1"
ensure CRDs are installed first]
No resources found in ms-edi-pix namespace.
gabriel.bbatista@PPM-JAMF-32830 chart % helm repo add external-secrets https://charts.external-secrets.io
helm repo update
helm upgrade --install external-secrets external-secrets/external-secrets \
  -n external-secrets --create-namespace
"external-secrets" already exists with the same configuration, skipping
Hang tight while we grab the latest from your chart repositories...
...Successfully got an update from the "charts" chart repository
...Successfully got an update from the "external-secrets" chart repository
Update Complete. ⎈Happy Helming!⎈
I1013 16:40:08.991232   31017 warnings.go:110] "Warning: unknown field \"spec.versions[0].selectableFields\""
Release "external-secrets" has been upgraded. Happy Helming!
NAME: external-secrets
LAST DEPLOYED: Mon Oct 13 16:40:07 2025
NAMESPACE: external-secrets
STATUS: deployed
REVISION: 4
TEST SUITE: None
NOTES:
external-secrets has been deployed successfully in namespace external-secrets!

In order to begin using ExternalSecrets, you will need to set up a SecretStore
or ClusterSecretStore resource (for example, by creating a 'vault' SecretStore).

More information on the different types of SecretStores and how to configure them
can be found in our Github: https://github.com/external-secrets/external-secrets
gabriel.bbatista@PPM-JAMF-32830 chart % kubectl get crd | grep external-secrets

acraccesstokens.generators.external-secrets.io          2025-10-13T19:31:52Z
cloudsmithaccesstokens.generators.external-secrets.io   2025-10-13T19:31:52Z
clusterexternalsecrets.external-secrets.io              2025-10-13T19:31:52Z
clustergenerators.generators.external-secrets.io        2025-10-13T19:31:52Z
clusterpushsecrets.external-secrets.io                  2025-10-13T19:31:52Z
clustersecretstores.external-secrets.io                 2025-10-13T19:31:52Z
ecrauthorizationtokens.generators.external-secrets.io   2025-10-13T19:31:52Z
externalsecrets.external-secrets.io                     2025-10-13T19:31:52Z
fakes.generators.external-secrets.io                    2025-10-13T19:31:52Z
gcraccesstokens.generators.external-secrets.io          2025-10-13T19:31:52Z
generatorstates.generators.external-secrets.io          2025-10-13T19:31:52Z
githubaccesstokens.generators.external-secrets.io       2025-10-13T19:31:52Z
grafanas.generators.external-secrets.io                 2025-10-13T19:31:52Z
mfas.generators.external-secrets.io                     2025-10-13T19:31:52Z
passwords.generators.external-secrets.io                2025-10-13T19:31:52Z
pushsecrets.external-secrets.io                         2025-10-13T19:31:52Z
quayaccesstokens.generators.external-secrets.io         2025-10-13T19:31:52Z
secretstores.external-secrets.io                        2025-10-13T19:31:52Z
sshkeys.generators.external-secrets.io                  2025-10-13T19:31:52Z
stssessiontokens.generators.external-secrets.io         2025-10-13T19:31:52Z
uuids.generators.external-secrets.io                    2025-10-13T19:31:52Z
vaultdynamicsecrets.generators.external-secrets.io      2025-10-13T19:31:52Z
webhooks.generators.external-secrets.io                 2025-10-13T19:31:52Z
gabriel.bbatista@PPM-JAMF-32830 chart % kubectl -n ms-edi-pix create secret generic envs --from-literal=DUMMY=1 --dry-run=client -o yaml | kubectl apply -f -
kubectl -n ms-edi-pix create secret generic envs-secrets --from-literal=DUMMY=1 --dry-run=client -o yaml | kubectl apply -f -
secret/envs unchanged
secret/envs-secrets unchanged
gabriel.bbatista@PPM-JAMF-32830 chart % helm upgrade --install ms-edi-pix . -f values.qa.yaml --namespace ms-edi-pix

Release "ms-edi-pix" does not exist. Installing it now.
Error: unable to build kubernetes objects from release manifest: [resource mapping not found for name: "edi-pix-default" namespace: "ms-edi-pix" from "": no matches for kind "ExternalSecret" in version "external-secrets.io/v1beta1"
ensure CRDs are installed first, resource mapping not found for name: "envs-secretstore-default" namespace: "ms-edi-pix" from "": no matches for kind "SecretStore" in version "external-secrets.io/v1beta1"
ensure CRDs are installed first]
gabriel.bbatista@PPM-JAMF-32830 chart % helm upgrade --install ms-edi-pix . -f values.qa.yaml --namespace ms-edi-pix


kubectl -n ms-edi-pix get rollouts,pods
Release "ms-edi-pix" does not exist. Installing it now.
Error: unable to build kubernetes objects from release manifest: [resource mapping not found for name: "edi-pix-default" namespace: "ms-edi-pix" from "": no matches for kind "ExternalSecret" in version "external-secrets.io/v1beta1"
ensure CRDs are installed first, resource mapping not found for name: "envs-secretstore-default" namespace: "ms-edi-pix" from "": no matches for kind "SecretStore" in version "external-secrets.io/v1beta1"
ensure CRDs are installed first]
No resources found in ms-edi-pix namespace.
gabriel.bbatista@PPM-JAMF-32830 chart % 
